// Jest Snapshot v1, https://goo.gl/fbAQLP

exports[`CharacterCard should match the snapshot with all data passed correctly 1`] = `
<article
  className="character-card"
>
  <h2
    className="character-name"
  >
    Foster
  </h2>
  <h2
    className="character-homeworld"
  >
    World: 
    Big Apple
  </h2>
  <h2
    className="character-population"
  >
    Pop: 
    55555
  </h2>
  <h2
    className="character-species"
  >
    Species: 
    Alien
  </h2>
  <button
    className="fave-btn"
    onClick={[Function]}
  >
    Fave
  </button>
</article>
`;
