// Jest Snapshot v1, https://goo.gl/fbAQLP

exports[`App should match the snapshot 1`] = `
<main>
  <Route
    exact={true}
    path="/"
    render={[Function]}
  />
  <Route
    exact={true}
    path="/movies"
    render={[Function]}
  />
  <Route
    exact={true}
    path="/movies"
    render={[Function]}
  />
  <Route
    exact={true}
    path="/movies:id"
    render={[Function]}
  />
  <Route
    exact={true}
    path="/movies/favorites"
    render={[Function]}
  />
  <Route
    exact={true}
    path="/movies:id"
    render={[Function]}
  />
  <Route
    exact={true}
    path="/movies:id"
    render={[Function]}
  />
  <Route
    exact={true}
    path="/movies/favorites"
    render={[Function]}
  />
</main>
`;
